Flow report for DE0_NANO
Fri Jan 09 00:30:58 2015
Quartus II 64-Bit Version 14.1.0 Build 186 12/03/2014 SJ Web Edition


---------------------
; Table of Contents ;
---------------------
  1. Legal Notice
  2. Flow Summary
  3. Flow Settings
  4. Flow Non-Default Global Settings
  5. Flow Elapsed Time
  6. Flow OS Summary
  7. Flow Log
  8. Flow Messages
  9. Flow Suppressed Messages



----------------
; Legal Notice ;
----------------
Copyright (C) 1991-2014 Altera Corporation. All rights reserved.
Your use of Altera Corporation's design tools, logic functions 
and other software and tools, and its AMPP partner logic 
functions, and any output files from any of the foregoing 
(including device programming or simulation files), and any 
associated documentation or information are expressly subject 
to the terms and conditions of the Altera Program License 
Subscription Agreement, the Altera Quartus II License Agreement,
the Altera MegaCore Function License Agreement, or other 
applicable license agreement, including, without limitation, 
that your use is for the sole purpose of programming logic 
devices manufactured by Altera and sold by Altera or its 
authorized distributors.  Please refer to the applicable 
agreement for further details.



+---------------------------------------------------------------------------------+
; Flow Summary                                                                    ;
+------------------------------------+--------------------------------------------+
; Flow Status                        ; Successful - Fri Jan 09 00:30:40 2015      ;
; Quartus II 64-Bit Version          ; 14.1.0 Build 186 12/03/2014 SJ Web Edition ;
; Revision Name                      ; DE0_NANO                                   ;
; Top-level Entity Name              ; Block3                                     ;
; Family                             ; Cyclone IV E                               ;
; Device                             ; EP4CE22F17C6                               ;
; Timing Models                      ; Final                                      ;
; Total logic elements               ; 21,257 / 22,320 ( 95 % )                   ;
;     Total combinational functions  ; 18,291 / 22,320 ( 82 % )                   ;
;     Dedicated logic registers      ; 18,468 / 22,320 ( 83 % )                   ;
; Total registers                    ; 18468                                      ;
; Total pins                         ; 13 / 154 ( 8 % )                           ;
; Total virtual pins                 ; 0                                          ;
; Total memory bits                  ; 5,440 / 608,256 ( < 1 % )                  ;
; Embedded Multiplier 9-bit elements ; 0 / 132 ( 0 % )                            ;
; Total PLLs                         ; 1 / 4 ( 25 % )                             ;
+------------------------------------+--------------------------------------------+


+-----------------------------------------+
; Flow Settings                           ;
+-------------------+---------------------+
; Option            ; Setting             ;
+-------------------+---------------------+
; Start date & time ; 01/09/2015 00:21:03 ;
; Main task         ; Compilation         ;
; Revision Name     ; DE0_NANO            ;
+-------------------+---------------------+


+-------------------------------------------------------------------------------------------------------------------------+
; Flow Non-Default Global Settings                                                                                        ;
+--------------------------------------------+---------------------------------+---------------+-------------+------------+
; Assignment Name                            ; Value                           ; Default Value ; Entity Name ; Section Id ;
+--------------------------------------------+---------------------------------+---------------+-------------+------------+
; BLOCK_DESIGN_NAMING                        ; QuartusII                       ; Auto          ; --          ; --         ;
; COMPILER_SIGNATURE_ID                      ; 198695761631241.142079166301232 ; --            ; --          ; --         ;
; CYCLONEII_OPTIMIZATION_TECHNIQUE           ; Speed                           ; Balanced      ; --          ; --         ;
; FITTER_AGGRESSIVE_ROUTABILITY_OPTIMIZATION ; Never                           ; Automatically ; --          ; --         ;
; FITTER_EFFORT                              ; Standard Fit                    ; Auto Fit      ; --          ; --         ;
; PARTITION_COLOR                            ; 16764057                        ; --            ; Block3      ; Top        ;
; PARTITION_FITTER_PRESERVATION_LEVEL        ; PLACEMENT_AND_ROUTING           ; --            ; Block3      ; Top        ;
; PARTITION_NETLIST_TYPE                     ; SOURCE                          ; --            ; Block3      ; Top        ;
; TOP_LEVEL_ENTITY                           ; Block3                          ; DE0_NANO      ; --          ; --         ;
+--------------------------------------------+---------------------------------+---------------+-------------+------------+


+-------------------------------------------------------------------------------------------------------------------------------+
; Flow Elapsed Time                                                                                                             ;
+---------------------------+--------------+-------------------------+---------------------+------------------------------------+
; Module Name               ; Elapsed Time ; Average Processors Used ; Peak Virtual Memory ; Total CPU Time (on all processors) ;
+---------------------------+--------------+-------------------------+---------------------+------------------------------------+
; Analysis & Synthesis      ; 00:01:15     ; 1.0                     ; 910 MB              ; 00:01:33                           ;
; Fitter                    ; 00:08:04     ; 1.0                     ; 1233 MB             ; 00:07:42                           ;
; Assembler                 ; 00:00:04     ; 1.0                     ; 619 MB              ; 00:00:03                           ;
; TimeQuest Timing Analyzer ; 00:00:16     ; 1.0                     ; 819 MB              ; 00:00:15                           ;
; Total                     ; 00:09:39     ; --                      ; --                  ; 00:09:33                           ;
+---------------------------+--------------+-------------------------+---------------------+------------------------------------+


+----------------------------------------------------------------------------------------+
; Flow OS Summary                                                                        ;
+---------------------------+------------------+-----------+------------+----------------+
; Module Name               ; Machine Hostname ; OS Name   ; OS Version ; Processor type ;
+---------------------------+------------------+-----------+------------+----------------+
; Analysis & Synthesis      ; jleitch-laptop2  ; Windows 7 ; 6.2        ; x86_64         ;
; Fitter                    ; jleitch-laptop2  ; Windows 7 ; 6.2        ; x86_64         ;
; Assembler                 ; jleitch-laptop2  ; Windows 7 ; 6.2        ; x86_64         ;
; TimeQuest Timing Analyzer ; jleitch-laptop2  ; Windows 7 ; 6.2        ; x86_64         ;
+---------------------------+------------------+-----------+------------+----------------+


------------
; Flow Log ;
------------
quartus_map --read_settings_files=on --write_settings_files=off DE0_NANO -c DE0_NANO
quartus_fit --read_settings_files=off --write_settings_files=off DE0_NANO -c DE0_NANO
quartus_asm --read_settings_files=off --write_settings_files=off DE0_NANO -c DE0_NANO
quartus_sta DE0_NANO -c DE0_NANO



